*****************************************************************
      SolidWorks Corporation - Compte-rendu d'état du Processeur IGES
*****************************************************************
=================================================================
Informations générales
=================================================================
Envoi de l'identification du produit système en cours  : 627H
Réception de l'identification du produit système en cours: 627H
Nom de fichier                    : _cgs_temp_output.igs
Envoi du système en cours               : Creo Parametric by Parametric Technology Corporation
Version du préprocesseur         : 2015110
Date de création du fichier           : 20160209.202717
Date de création du modèle          : 20160209.202717
Unités                        : INCH
Echelle de l'espace modèle            : 1
Auteur                       : SYSTEM
Organisation                 : Unknown


=================================================================
Informations sur le traitement des entités
=================================================================


=================================================================
Analyse de précision d'un fichier IGES:
=================================================================
  Nombre le plus répandu de chiffres significatifs:              13
  Nombre le plus grand de chiffres significatifs:                     13
  Nombre moyen de chiffres significatifs :                12.3885
  Distance maximale jusqu'à l'origine:                           1.3547
  Distance minimale jusqu'à l'origine:                                0
  Nombre effectif de chiffres significatifs:                   13


=================================================================
Récapitulatif des entités
=================================================================
-----------------------------------------------------------------
Nom de type                                         Nombre converti
---- ----                                         ----- ---------
100  Arc                                            136       136
110  Line                                            98        98
120  Surface of revolution                           64        64
124  Transformation matrix                          136       136
126  Rational B-spline curve                         36        36
128  Rational B-spline surface                        6         6
186  Manifold Solid B-rep Object                      3         3
314  Color definition                                13        13
502  Vertex list                                      3         3
504  Edge entity                                      3         3
508  Loop entity                                     92        92
510  Face entity                                     70        70
514  Shell entity                                     3         3
_________________________________________________________________


=================================================================
Récapitulatif des résultats
=================================================================
Type de fonction SolidWorks                Nombre
-----------------------                -----
Fonction(s) volumique(s)                       3
Fonction(s) surfacique(s)                     0
Fonction(s) de courbe/d'esquisse                0
--------------------------------------------
Heure de début: mardi, février 09, 2016 21:28:34
Heure de fin: mardi, février 09, 2016 21:28:38
Durée de traitement: 0 days, 00 hours, 00 mins, 04 secs
